// Jest Snapshot v1, https://goo.gl/fbAQLP

exports[`orb component a call to move should move the orb 1`] = `
<div
  id="orb"
/>
`;
